2026-09-25 11:38:24,831 - phyluce_assembly_get_match_counts - INFO - =========== Starting phyluce_assembly_get_match_counts ==========
2026-09-25 11:38:24,831 - phyluce_assembly_get_match_counts - INFO - Version: 1.7.3
2026-09-25 11:38:24,831 - phyluce_assembly_get_match_counts - INFO - Commit: None
2026-09-25 11:38:24,831 - phyluce_assembly_get_match_counts - INFO - Argument --extend_locus_db: None
2026-09-25 11:38:24,831 - phyluce_assembly_get_match_counts - INFO - Argument --incomplete_matrix: True
2026-09-25 11:38:24,831 - phyluce_assembly_get_match_counts - INFO - Argument --keep_counts: False
2026-09-25 11:38:24,831 - phyluce_assembly_get_match_counts - INFO - Argument --locus_db: /gpfs01/home/jc428818/Placement/uce-tutorial/uce-results-contigmatch/probe.matches.sqlite
2026-09-25 11:38:24,832 - phyluce_assembly_get_match_counts - INFO - Argument --log_path: None
2026-09-25 11:38:24,832 - phyluce_assembly_get_match_counts - INFO - Argument --optimize: False
2026-09-25 11:38:24,832 - phyluce_assembly_get_match_counts - INFO - Argument --output: /gpfs01/home/jc428818/Placement/uce-tutorial/taxon-sets/all/all-taxa-incomplete.conf
2026-09-25 11:38:24,832 - phyluce_assembly_get_match_counts - INFO - Argument --random: False
2026-09-25 11:38:24,832 - phyluce_assembly_get_match_counts - INFO - Argument --sample_size: 10
2026-09-25 11:38:24,832 - phyluce_assembly_get_match_counts - INFO - Argument --samples: 10
2026-09-25 11:38:24,832 - phyluce_assembly_get_match_counts - INFO - Argument --silent: False
2026-09-25 11:38:24,832 - phyluce_assembly_get_match_counts - INFO - Argument --taxon_group: all
2026-09-25 11:38:24,832 - phyluce_assembly_get_match_counts - INFO - Argument --taxon_list_config: /gpfs01/home/jc428818/Placement/uce-tutorial/taxon-set.conf
2026-09-25 11:38:24,832 - phyluce_assembly_get_match_counts - INFO - Argument --verbosity: INFO
2026-09-25 11:38:24,873 - phyluce_assembly_get_match_counts - INFO - There are 4 taxa in the taxon-group '[all]' in the config file taxon-set.conf
2026-09-25 11:38:24,873 - phyluce_assembly_get_match_counts - INFO - Getting UCE names from database
2026-09-25 11:38:24,889 - phyluce_assembly_get_match_counts - INFO - There are 5041 total UCE loci in the database
2026-09-25 11:38:24,912 - phyluce_assembly_get_match_counts - INFO - Getting UCE matches by organism to generate a INCOMPLETE matrix
2026-09-25 11:38:24,913 - phyluce_assembly_get_match_counts - INFO - There are 3397 UCE loci in an INCOMPLETE matrix
2026-09-25 11:38:24,913 - phyluce_assembly_get_match_counts - INFO - Writing the taxa and loci in the data matrix to /gpfs01/home/jc428818/Placement/uce-tutorial/taxon-sets/all/all-taxa-incomplete.conf
2026-09-25 11:38:24,916 - phyluce_assembly_get_match_counts - INFO - ========== Completed phyluce_assembly_get_match_counts ==========
